// Jest Snapshot v1, https://goo.gl/fbAQLP

exports[`Header tests matches snapshot 1`] = `
<div
  class="App-header-wrap"
  data-testid="header"
>
  <header
    class="App-header max-width"
  >
    <div
      class="logo"
    >
      <a
        href="/"
      >
        HOME
      </a>
    </div>
    <nav
      class="header-nav"
    >
      <p>
        About
      </p>
      <p>
        Contact Us
      </p>
    </nav>
  </header>
</div>
`;
